// Jest Snapshot v1, https://goo.gl/fbAQLP

exports[`CreateNote Render 1`] = `
<div>
  <div
    class="content-container"
  >
    <h1>
      This is Create Note Page
    </h1>
    
    <div>
      <form>
        <input
          class="createNote-title"
          data-testid="title"
          placeholder="title"
          type="text"
          value=""
        />
        <textarea
          class="createNote-textarea"
          data-testid="note"
          placeholder="Add a note"
        />
        <button>
          save
        </button>
      </form>
    </div>
  </div>
</div>
`;
