// Jest Snapshot v1, https://goo.gl/fbAQLP

exports[`should render Header Components 1`] = `
<header
  className="header"
>
  <div
    className="content-container"
  >
    <h1
      className="header__title"
    >
      My Blog
    </h1>
    <button
      onClick={[Function]}
    >
      open
    </button>
  </div>
</header>
`;
