// Jest Snapshot v1, https://goo.gl/fbAQLP

exports[`should render NavMenu Components 1`] = `
<div>
  <div>
    <ul
      data-testid="navMenuBar"
    >
      <li>
        <a
          aria-current="page"
          class="is-active"
          data-testid="HomeLink"
          href="/"
        >
          Home
        </a>
      </li>
      <li>
        <a
          data-testid="DashboardLink"
          href="/dashboard"
        >
          Dashboard
        </a>
      </li>
      <li>
        <a
          data-testid="CreateLink"
          href="/create"
        >
          Create
        </a>
      </li>
    </ul>
  </div>
</div>
`;
